../Core/Src/main.c:136:9:USART_kbhit	4	static
../Core/Src/main.c:142:9:USART_getChar	16	static
../Core/Src/main.c:155:6:USART_fsend	536	static,ignoring_inline_asm
../Core/Src/main.c:187:6:HAL_UART_TxCpltCallback	24	static
../Core/Src/main.c:201:6:HAL_UART_RxCpltCallback	16	static
../Core/Src/main.c:225:6:searchFrame	16	static
../Core/Src/main.c:310:5:getSection	32	static
../Core/Src/main.c:330:5:isNUM	32	static
../Core/Src/main.c:344:6:readFrame	16	static
../Core/Src/main.c:396:6:checkCRC	8	static
../Core/Src/main.c:402:14:crc	24	static
../Core/Src/main.c:411:6:checkData	16	static
../Core/Src/main.c:434:6:getCommand	24	static
../Core/Src/main.c:457:6:getNumArgument	32	static
../Core/Src/main.c:487:6:executeCommand	8	static
../Core/Src/main.c:548:6:TIM4_change_prescaler	16	static
../Core/Src/main.c:554:6:HALF_Transmit_Callback	24	static
../Core/Src/main.c:586:6:END_Transmit_Callback	24	static
../Core/Src/main.c:624:6:start_PWM_DMA	8	static
../Core/Src/main.c:638:6:switch_PWM_DMA	40	static
../Core/Src/main.c:684:6:EFFCT	8	static
../Core/Src/main.c:731:6:generatePoliceLights	32	static
../Core/Src/main.c:748:6:generateDiscoEffect	40	static
../Core/Src/main.c:757:6:generateBreathingEffect	240	static
../Core/Src/main.c:782:6:generateHeartBeatEffect	32	static
../Core/Src/main.c:800:6:generateBlinkingEffect	232	static
../Core/Src/main.c:824:6:generaterandomBlinkingEffect	48	static
../Core/Src/main.c:848:6:STCLR	16	static
../Core/Src/main.c:867:6:COLOR	24	static
../Core/Src/main.c:921:6:BRGHT	48	static
../Core/Src/main.c:969:6:RGBST	8	static
../Core/Src/main.c:978:6:GETST	8	static
../Core/Src/main.c:987:6:frameRecall	208	static
../Core/Src/main.c:1113:5:main	8	static
../Core/Src/main.c:1164:6:SystemClock_Config	160	static
../Core/Src/main.c:1212:13:MX_TIM4_Init	64	static
../Core/Src/main.c:1278:13:MX_USART2_UART_Init	8	static
../Core/Src/main.c:1311:13:MX_DMA_Init	16	static
../Core/Src/main.c:1335:13:MX_GPIO_Init	48	static
../Core/Src/main.c:1371:6:Error_Handler	4	static,ignoring_inline_asm
